// Jest Snapshot v1, https://goo.gl/fbAQLP

exports[`takes a snapshot 1`] = `[Function]`;
